FXC : warning X4717: Effects deprecated for D3DCompiler_47
C:\Workspace\Git\Zelda_3D\Client\Bin\ShaderFiles\Shader_VtxAnim.hlsl(142,58-84): warning X3206: 'dot': implicit truncation of vector type
  
  compilation object save succeeded; see C:\Workspace\Git\Zelda_3D\Client\Bin\Shader_VtxAnim.cso
FXC : warning X4717: Effects deprecated for D3DCompiler_47
  
  compilation object save succeeded; see C:\Workspace\Git\Zelda_3D\Client\Bin\Shader_VtxCube.cso
FXC : warning X4717: Effects deprecated for D3DCompiler_47
C:\Workspace\Git\Zelda_3D\Client\Bin\ShaderFiles\Shader_VtxNonAnim.hlsl(126,60-86): warning X3206: 'dot': implicit truncation of vector type
C:\Workspace\Git\Zelda_3D\Client\Bin\ShaderFiles\Shader_VtxNonAnim.hlsl(149,60-86): warning X3206: 'dot': implicit truncation of vector type
  
  compilation object save succeeded; see C:\Workspace\Git\Zelda_3D\Client\Bin\Shader_VtxNonAnim.cso
FXC : warning X4717: Effects deprecated for D3DCompiler_47
  
  compilation object save succeeded; see C:\Workspace\Git\Zelda_3D\Client\Bin\Shader_VtxNorTex.cso
FXC : warning X4717: Effects deprecated for D3DCompiler_47
  
  compilation object save succeeded; see C:\Workspace\Git\Zelda_3D\Client\Bin\Shader_VtxPointInstance.cso
FXC : warning X4717: Effects deprecated for D3DCompiler_47
  
  compilation object save succeeded; see C:\Workspace\Git\Zelda_3D\Client\Bin\Shader_VtxTex.cso
  stdafx.cpp
  imgui.cpp
  imgui_demo.cpp
  imgui_draw.cpp
  imgui_impl_dx11.cpp
  imgui_impl_win32.cpp
  imgui_tables.cpp
  imgui_widgets.cpp
  BackGround.cpp
C:\Workspace\Git\Zelda_3D\Client\private\BackGround.cpp(65,13): warning C4101: 'WorldMatrix' :참조되지 않은 지역 변수입니다.
  (소스 파일 '/private/BackGround.cpp'을(를) 컴파일하는 중)
  
C:\Workspace\Git\Zelda_3D\Client\private\BackGround.cpp(65,38): warning C4101: 'ProjMatrix' :참조되지 않은 지역 변수입니다.
  (소스 파일 '/private/BackGround.cpp'을(를) 컴파일하는 중)
  
  BossMonster.cpp
  Camera_Player.cpp
  Camera_Logo.cpp
  Camera_Tool.cpp
  Collider_GndSword.cpp
  Dungeon_Room10.cpp
  Dungeon_Room2.cpp
  Dungeon_Room3.cpp
  Dungeon_Room4.cpp
  Dungeon_Room5_OutSide.cpp
  Dungeon_Room6.cpp
  Dungeon_Room7.cpp
  코드를 생성하고 있습니다...
  컴파일하고 있습니다...
  Dungeon_Room8.cpp
  Dungeon_Room9.cpp
  Dungeon_RoomFinal.cpp
  Item_Boko.cpp
  Item_Bow.cpp
  Level_Dungeon_Final.cpp
  Object_BFlower.cpp
  Object_Bomb.cpp
  Object_Bridge.cpp
  Object_Cube.cpp
  Object_Door.cpp
  Dungeon_Room0.cpp
  Dungeon_Room1.cpp
  Item_Blade.cpp
  Item_GndSword.cpp
  Item_Sheath.cpp
  Item_Shield.cpp
  Item_SwordHandle.cpp
  Level_Dungeon.cpp
  Level_GamePlay.cpp
  코드를 생성하고 있습니다...
  컴파일하고 있습니다...
  Level_Loading.cpp
  Level_Logo.cpp
  Level_Tool.cpp
  Loader.cpp
  Object_Fire.cpp
  Object_FireBrazier.cpp
  Object_Key.cpp
  Object_Lock.cpp
  Magma.cpp
  MagmaZet.cpp
C:\Workspace\Git\Zelda_3D\Client\Private\MagmaZet.cpp(109,116): warning C4390: ';': 제어된 빈 문이 있습니다. 이 문이 필요합니까?
  (소스 파일 '/Private/MagmaZet.cpp'을(를) 컴파일하는 중)
  
  MainApp.cpp
C:\Workspace\Git\Zelda_3D\Client\private\MainApp.cpp(51,31): warning C4244: '인수': 'Engine::_double'에서 'Engine::_float'(으)로 변환하면서 데이터가 손실될 수 있습니다.
  (소스 파일 '/private/MainApp.cpp'을(를) 컴파일하는 중)
  
  Monster.cpp
  Object_MagRock.cpp
  Object_Rock.cpp
C:\Workspace\Git\Zelda_3D\Client\Private\Object_Rock.cpp(76,115): warning C4390: ';': 제어된 빈 문이 있습니다. 이 문이 필요합니까?
  (소스 파일 '/Private/Object_Rock.cpp'을(를) 컴파일하는 중)
  
  Object_StatueCube.cpp
  Object_StoneBridge.cpp
  Object_TresureBox.cpp
  Object_TresureBoxShort.cpp
  Object_WaterPot.cpp
  Object_WoodDoor.cpp
  코드를 생성하고 있습니다...
  컴파일하고 있습니다...
  Object_WoodPlanks.cpp
  Object_WoodPlanks_Broken.cpp
  Particle_Bomb.cpp
  Point_Sphere.cpp
  SeamLessLoader.cpp
  Sky.cpp
  Stage_Dragon.cpp
  Stage_GTower.cpp
  Stage_OutSet.cpp
  Player.cpp
  Terrain.cpp
C:\Workspace\Git\Zelda_3D\Client\Private\Terrain.cpp(165,87): warning C4267: '인수': 'size_t'에서 'Engine::_uint'(으)로 변환하면서 데이터가 손실될 수 있습니다.
  (소스 파일 '/Private/Terrain.cpp'을(를) 컴파일하는 중)
  
C:\Workspace\Git\Zelda_3D\Client\Private\Terrain.cpp(119,10): warning C4101: 'vPointPos' :참조되지 않은 지역 변수입니다.
  (소스 파일 '/Private/Terrain.cpp'을(를) 컴파일하는 중)
  
  Tool.cpp
C:\Workspace\Git\Zelda_3D\Client\Private\Tool.cpp(260,10): warning C4267: '초기화 중': 'size_t'에서 'Engine::_uint'(으)로 변환하면서 데이터가 손실될 수 있습니다.
  (소스 파일 '/Private/Tool.cpp'을(를) 컴파일하는 중)
  
C:\Workspace\Git\Zelda_3D\Client\Private\Tool.cpp(261,10): warning C4267: '초기화 중': 'size_t'에서 'Engine::_uint'(으)로 변환하면서 데이터가 손실될 수 있습니다.
  (소스 파일 '/Private/Tool.cpp'을(를) 컴파일하는 중)
  
C:\Workspace\Git\Zelda_3D\Client\Private\Tool.cpp(295,10): warning C4267: '초기화 중': 'size_t'에서 'Engine::_uint'(으)로 변환하면서 데이터가 손실될 수 있습니다.
  (소스 파일 '/Private/Tool.cpp'을(를) 컴파일하는 중)
  
C:\Workspace\Git\Zelda_3D\Client\Private\Tool.cpp(296,10): warning C4267: '초기화 중': 'size_t'에서 'Engine::_uint'(으)로 변환하면서 데이터가 손실될 수 있습니다.
  (소스 파일 '/Private/Tool.cpp'을(를) 컴파일하는 중)
  
C:\Workspace\Git\Zelda_3D\Client\Private\Tool.cpp(329,20): warning C4267: '초기화 중': 'size_t'에서 'Engine::_uint'(으)로 변환하면서 데이터가 손실될 수 있습니다.
  (소스 파일 '/Private/Tool.cpp'을(를) 컴파일하는 중)
  
C:\Workspace\Git\Zelda_3D\Client\Private\Tool.cpp(358,20): warning C4267: '초기화 중': 'size_t'에서 'Engine::_uint'(으)로 변환하면서 데이터가 손실될 수 있습니다.
  (소스 파일 '/Private/Tool.cpp'을(를) 컴파일하는 중)
  
  Trigger_Boss.cpp
  Trigger_Ladder.cpp
  UI_AttentionBar.cpp
C:\Workspace\Git\Zelda_3D\Client\Private\UI_AttentionBar.cpp(111,13): warning C4101: 'WorldMatrix' :참조되지 않은 지역 변수입니다.
  (소스 파일 '/Private/UI_AttentionBar.cpp'을(를) 컴파일하는 중)
  
C:\Workspace\Git\Zelda_3D\Client\Private\UI_AttentionBar.cpp(111,38): warning C4101: 'ProjMatrix' :참조되지 않은 지역 변수입니다.
  (소스 파일 '/Private/UI_AttentionBar.cpp'을(를) 컴파일하는 중)
  
  UI_AttentionCursor.cpp
  UI_BlackOut.cpp
C:\Workspace\Git\Zelda_3D\Client\Private\UI_BlackOut.cpp(77,13): warning C4101: 'WorldMatrix' :참조되지 않은 지역 변수입니다.
  (소스 파일 '/Private/UI_BlackOut.cpp'을(를) 컴파일하는 중)
  
C:\Workspace\Git\Zelda_3D\Client\Private\UI_BlackOut.cpp(77,38): warning C4101: 'ProjMatrix' :참조되지 않은 지역 변수입니다.
  (소스 파일 '/Private/UI_BlackOut.cpp'을(를) 컴파일하는 중)
  
  UI_End.cpp
C:\Workspace\Git\Zelda_3D\Client\Private\UI_End.cpp(63,13): warning C4101: 'WorldMatrix' :참조되지 않은 지역 변수입니다.
  (소스 파일 '/Private/UI_End.cpp'을(를) 컴파일하는 중)
  
C:\Workspace\Git\Zelda_3D\Client\Private\UI_End.cpp(63,38): warning C4101: 'ProjMatrix' :참조되지 않은 지역 변수입니다.
  (소스 파일 '/Private/UI_End.cpp'을(를) 컴파일하는 중)
  
  UI_LoadingCircle.cpp
C:\Workspace\Git\Zelda_3D\Client\Private\UI_LoadingCircle.cpp(74,13): warning C4101: 'WorldMatrix' :참조되지 않은 지역 변수입니다.
  (소스 파일 '/Private/UI_LoadingCircle.cpp'을(를) 컴파일하는 중)
  
C:\Workspace\Git\Zelda_3D\Client\Private\UI_LoadingCircle.cpp(74,38): warning C4101: 'ProjMatrix' :참조되지 않은 지역 변수입니다.
  (소스 파일 '/Private/UI_LoadingCircle.cpp'을(를) 컴파일하는 중)
  
  UI_LogoBackGround.cpp
C:\Workspace\Git\Zelda_3D\Client\Private\UI_LogoBackGround.cpp(63,13): warning C4101: 'WorldMatrix' :참조되지 않은 지역 변수입니다.
  (소스 파일 '/Private/UI_LogoBackGround.cpp'을(를) 컴파일하는 중)
  
C:\Workspace\Git\Zelda_3D\Client\Private\UI_LogoBackGround.cpp(63,38): warning C4101: 'ProjMatrix' :참조되지 않은 지역 변수입니다.
  (소스 파일 '/Private/UI_LogoBackGround.cpp'을(를) 컴파일하는 중)
  
  코드를 생성하고 있습니다...
  컴파일하고 있습니다...
  UI_MainLogo.cpp
C:\Workspace\Git\Zelda_3D\Client\Private\UI_MainLogo.cpp(63,13): warning C4101: 'WorldMatrix' :참조되지 않은 지역 변수입니다.
  (소스 파일 '/Private/UI_MainLogo.cpp'을(를) 컴파일하는 중)
  
C:\Workspace\Git\Zelda_3D\Client\Private\UI_MainLogo.cpp(63,38): warning C4101: 'ProjMatrix' :참조되지 않은 지역 변수입니다.
  (소스 파일 '/Private/UI_MainLogo.cpp'을(를) 컴파일하는 중)
  
  UI_PlayerHp.cpp
C:\Workspace\Git\Zelda_3D\Client\Private\UI_PlayerHp.cpp(69,13): warning C4101: 'WorldMatrix' :참조되지 않은 지역 변수입니다.
  (소스 파일 '/Private/UI_PlayerHp.cpp'을(를) 컴파일하는 중)
  
C:\Workspace\Git\Zelda_3D\Client\Private\UI_PlayerHp.cpp(69,38): warning C4101: 'ProjMatrix' :참조되지 않은 지역 변수입니다.
  (소스 파일 '/Private/UI_PlayerHp.cpp'을(를) 컴파일하는 중)
  
  UI_PressStart.cpp
C:\Workspace\Git\Zelda_3D\Client\Private\UI_PressStart.cpp(87,13): warning C4101: 'WorldMatrix' :참조되지 않은 지역 변수입니다.
  (소스 파일 '/Private/UI_PressStart.cpp'을(를) 컴파일하는 중)
  
C:\Workspace\Git\Zelda_3D\Client\Private\UI_PressStart.cpp(87,38): warning C4101: 'ProjMatrix' :참조되지 않은 지역 변수입니다.
  (소스 파일 '/Private/UI_PressStart.cpp'을(를) 컴파일하는 중)
  
  UI_SubLogo.cpp
C:\Workspace\Git\Zelda_3D\Client\Private\UI_SubLogo.cpp(63,13): warning C4101: 'WorldMatrix' :참조되지 않은 지역 변수입니다.
  (소스 파일 '/Private/UI_SubLogo.cpp'을(를) 컴파일하는 중)
  
C:\Workspace\Git\Zelda_3D\Client\Private\UI_SubLogo.cpp(63,38): warning C4101: 'ProjMatrix' :참조되지 않은 지역 변수입니다.
  (소스 파일 '/Private/UI_SubLogo.cpp'을(를) 컴파일하는 중)
  
  UI_TitleLogo.cpp
C:\Workspace\Git\Zelda_3D\Client\Private\UI_TitleLogo.cpp(81,13): warning C4101: 'WorldMatrix' :참조되지 않은 지역 변수입니다.
  (소스 파일 '/Private/UI_TitleLogo.cpp'을(를) 컴파일하는 중)
  
C:\Workspace\Git\Zelda_3D\Client\Private\UI_TitleLogo.cpp(81,38): warning C4101: 'ProjMatrix' :참조되지 않은 지역 변수입니다.
  (소스 파일 '/Private/UI_TitleLogo.cpp'을(를) 컴파일하는 중)
  
  Zelda.cpp
  Client.cpp
  UI_LoadingBackGround.cpp
C:\Workspace\Git\Zelda_3D\Client\Default\UI_LoadingBackGround.cpp(63,13): warning C4101: 'WorldMatrix' :참조되지 않은 지역 변수입니다.
  (소스 파일 '/UI_LoadingBackGround.cpp'을(를) 컴파일하는 중)
  
C:\Workspace\Git\Zelda_3D\Client\Default\UI_LoadingBackGround.cpp(63,38): warning C4101: 'ProjMatrix' :참조되지 않은 지역 변수입니다.
  (소스 파일 '/UI_LoadingBackGround.cpp'을(를) 컴파일하는 중)
  
  코드를 생성하고 있습니다...
DirectXTKd.lib(ScreenGrab.obj) : warning LNK4099: '' PDB를 'DirectXTKd.lib(ScreenGrab.obj)' 또는 ''에서 찾을 수 없습니다. 디버그 정보가 없는 것처럼 개체를 링크합니다.
DirectXTKd.lib(WICTextureLoader.obj) : warning LNK4099: '' PDB를 'DirectXTKd.lib(WICTextureLoader.obj)' 또는 ''에서 찾을 수 없습니다. 디버그 정보가 없는 것처럼 개체를 링크합니다.
DirectXTKd.lib(pch.obj) : warning LNK4099: '' PDB를 'DirectXTKd.lib(pch.obj)' 또는 ''에서 찾을 수 없습니다. 디버그 정보가 없는 것처럼 개체를 링크합니다.
  Client.vcxproj -> C:\Workspace\Git\Zelda_3D\Client\Bin\Client.exe
