c:\workspace\git\zelda_3d\client\default\x64\debug\client.pch
c:\workspace\git\zelda_3d\client\default\x64\debug\vc143.pdb
c:\workspace\git\zelda_3d\client\default\x64\debug\vc143.idb
c:\workspace\git\zelda_3d\client\default\x64\debug\stdafx.obj
c:\workspace\git\zelda_3d\client\default\x64\debug\dungeon_room7.obj
c:\workspace\git\zelda_3d\client\default\x64\debug\dungeon_room6.obj
c:\workspace\git\zelda_3d\client\default\x64\debug\dungeon_room5_outside.obj
c:\workspace\git\zelda_3d\client\default\x64\debug\dungeon_room4.obj
c:\workspace\git\zelda_3d\client\default\x64\debug\dungeon_room3.obj
c:\workspace\git\zelda_3d\client\default\x64\debug\dungeon_room2.obj
c:\workspace\git\zelda_3d\client\default\x64\debug\dungeon_room10.obj
c:\workspace\git\zelda_3d\client\default\x64\debug\collider_gndsword.obj
c:\workspace\git\zelda_3d\client\default\x64\debug\camera_tool.obj
c:\workspace\git\zelda_3d\client\default\x64\debug\camera_logo.obj
c:\workspace\git\zelda_3d\client\default\x64\debug\camera_player.obj
c:\workspace\git\zelda_3d\client\default\x64\debug\bossmonster.obj
c:\workspace\git\zelda_3d\client\default\x64\debug\background.obj
c:\workspace\git\zelda_3d\client\default\x64\debug\imgui_widgets.obj
c:\workspace\git\zelda_3d\client\default\x64\debug\imgui_tables.obj
c:\workspace\git\zelda_3d\client\default\x64\debug\imgui_impl_win32.obj
c:\workspace\git\zelda_3d\client\default\x64\debug\imgui_impl_dx11.obj
c:\workspace\git\zelda_3d\client\default\x64\debug\imgui_draw.obj
c:\workspace\git\zelda_3d\client\default\x64\debug\imgui_demo.obj
c:\workspace\git\zelda_3d\client\default\x64\debug\imgui.obj
c:\workspace\git\zelda_3d\client\default\x64\debug\level_gameplay.obj
c:\workspace\git\zelda_3d\client\default\x64\debug\level_dungeon.obj
c:\workspace\git\zelda_3d\client\default\x64\debug\item_swordhandle.obj
c:\workspace\git\zelda_3d\client\default\x64\debug\item_shield.obj
c:\workspace\git\zelda_3d\client\default\x64\debug\item_sheath.obj
c:\workspace\git\zelda_3d\client\default\x64\debug\item_gndsword.obj
c:\workspace\git\zelda_3d\client\default\x64\debug\item_blade.obj
c:\workspace\git\zelda_3d\client\default\x64\debug\dungeon_room1.obj
c:\workspace\git\zelda_3d\client\default\x64\debug\dungeon_room0.obj
c:\workspace\git\zelda_3d\client\default\x64\debug\object_door.obj
c:\workspace\git\zelda_3d\client\default\x64\debug\object_cube.obj
c:\workspace\git\zelda_3d\client\default\x64\debug\object_bridge.obj
c:\workspace\git\zelda_3d\client\default\x64\debug\object_bomb.obj
c:\workspace\git\zelda_3d\client\default\x64\debug\object_bflower.obj
c:\workspace\git\zelda_3d\client\default\x64\debug\level_dungeon_final.obj
c:\workspace\git\zelda_3d\client\default\x64\debug\item_bow.obj
c:\workspace\git\zelda_3d\client\default\x64\debug\item_boko.obj
c:\workspace\git\zelda_3d\client\default\x64\debug\dungeon_roomfinal.obj
c:\workspace\git\zelda_3d\client\default\x64\debug\dungeon_room9.obj
c:\workspace\git\zelda_3d\client\default\x64\debug\dungeon_room8.obj
c:\workspace\git\zelda_3d\client\default\x64\debug\object_wooddoor.obj
c:\workspace\git\zelda_3d\client\default\x64\debug\object_waterpot.obj
c:\workspace\git\zelda_3d\client\default\x64\debug\object_tresureboxshort.obj
c:\workspace\git\zelda_3d\client\default\x64\debug\object_tresurebox.obj
c:\workspace\git\zelda_3d\client\default\x64\debug\object_stonebridge.obj
c:\workspace\git\zelda_3d\client\default\x64\debug\object_statuecube.obj
c:\workspace\git\zelda_3d\client\default\x64\debug\object_rock.obj
c:\workspace\git\zelda_3d\client\default\x64\debug\object_magrock.obj
c:\workspace\git\zelda_3d\client\default\x64\debug\monster.obj
c:\workspace\git\zelda_3d\client\default\x64\debug\mainapp.obj
c:\workspace\git\zelda_3d\client\default\x64\debug\magmazet.obj
c:\workspace\git\zelda_3d\client\default\x64\debug\magma.obj
c:\workspace\git\zelda_3d\client\default\x64\debug\object_lock.obj
c:\workspace\git\zelda_3d\client\default\x64\debug\object_key.obj
c:\workspace\git\zelda_3d\client\default\x64\debug\object_firebrazier.obj
c:\workspace\git\zelda_3d\client\default\x64\debug\object_fire.obj
c:\workspace\git\zelda_3d\client\default\x64\debug\loader.obj
c:\workspace\git\zelda_3d\client\default\x64\debug\level_tool.obj
c:\workspace\git\zelda_3d\client\default\x64\debug\level_logo.obj
c:\workspace\git\zelda_3d\client\default\x64\debug\level_loading.obj
c:\workspace\git\zelda_3d\client\default\x64\debug\ui_logobackground.obj
c:\workspace\git\zelda_3d\client\default\x64\debug\ui_loadingcircle.obj
c:\workspace\git\zelda_3d\client\default\x64\debug\ui_end.obj
c:\workspace\git\zelda_3d\client\default\x64\debug\ui_blackout.obj
c:\workspace\git\zelda_3d\client\default\x64\debug\ui_attentioncursor.obj
c:\workspace\git\zelda_3d\client\default\x64\debug\ui_attentionbar.obj
c:\workspace\git\zelda_3d\client\default\x64\debug\trigger_ladder.obj
c:\workspace\git\zelda_3d\client\default\x64\debug\trigger_boss.obj
c:\workspace\git\zelda_3d\client\default\x64\debug\tool.obj
c:\workspace\git\zelda_3d\client\default\x64\debug\terrain.obj
c:\workspace\git\zelda_3d\client\default\x64\debug\player.obj
c:\workspace\git\zelda_3d\client\default\x64\debug\stage_outset.obj
c:\workspace\git\zelda_3d\client\default\x64\debug\stage_gtower.obj
c:\workspace\git\zelda_3d\client\default\x64\debug\stage_dragon.obj
c:\workspace\git\zelda_3d\client\default\x64\debug\sky.obj
c:\workspace\git\zelda_3d\client\default\x64\debug\seamlessloader.obj
c:\workspace\git\zelda_3d\client\default\x64\debug\point_sphere.obj
c:\workspace\git\zelda_3d\client\default\x64\debug\particle_bomb.obj
c:\workspace\git\zelda_3d\client\default\x64\debug\object_woodplanks_broken.obj
c:\workspace\git\zelda_3d\client\default\x64\debug\object_woodplanks.obj
c:\workspace\git\zelda_3d\client\default\x64\debug\ui_loadingbackground.obj
c:\workspace\git\zelda_3d\client\default\x64\debug\client.obj
c:\workspace\git\zelda_3d\client\default\x64\debug\zelda.obj
c:\workspace\git\zelda_3d\client\default\x64\debug\ui_titlelogo.obj
c:\workspace\git\zelda_3d\client\default\x64\debug\ui_sublogo.obj
c:\workspace\git\zelda_3d\client\default\x64\debug\ui_pressstart.obj
c:\workspace\git\zelda_3d\client\default\x64\debug\ui_playerhp.obj
c:\workspace\git\zelda_3d\client\default\x64\debug\ui_mainlogo.obj
c:\workspace\git\zelda_3d\client\bin\shader_vtxanim.cso
c:\workspace\git\zelda_3d\client\bin\shader_vtxcube.cso
c:\workspace\git\zelda_3d\client\bin\shader_vtxnonanim.cso
c:\workspace\git\zelda_3d\client\bin\shader_vtxnortex.cso
c:\workspace\git\zelda_3d\client\bin\shader_vtxpointinstance.cso
c:\workspace\git\zelda_3d\client\bin\shader_vtxtex.cso
c:\workspace\git\zelda_3d\client\bin\client.exe
c:\workspace\git\zelda_3d\client\bin\client.pdb
c:\workspace\git\zelda_3d\client\default\x64\debug\client.res
c:\workspace\git\zelda_3d\client\default\x64\debug\client.ilk
c:\workspace\git\zelda_3d\client\default\x64\debug\client.tlog\cl.command.1.tlog
c:\workspace\git\zelda_3d\client\default\x64\debug\client.tlog\cl.items.tlog
c:\workspace\git\zelda_3d\client\default\x64\debug\client.tlog\cl.read.1.tlog
c:\workspace\git\zelda_3d\client\default\x64\debug\client.tlog\cl.write.1.tlog
c:\workspace\git\zelda_3d\client\default\x64\debug\client.tlog\fxc.command.1.tlog
c:\workspace\git\zelda_3d\client\default\x64\debug\client.tlog\fxc.read.1.tlog
c:\workspace\git\zelda_3d\client\default\x64\debug\client.tlog\fxc.write.1.tlog
c:\workspace\git\zelda_3d\client\default\x64\debug\client.tlog\link.command.1.tlog
c:\workspace\git\zelda_3d\client\default\x64\debug\client.tlog\link.read.1.tlog
c:\workspace\git\zelda_3d\client\default\x64\debug\client.tlog\link.secondary.1.tlog
c:\workspace\git\zelda_3d\client\default\x64\debug\client.tlog\link.write.1.tlog
c:\workspace\git\zelda_3d\client\default\x64\debug\client.tlog\rc.command.1.tlog
c:\workspace\git\zelda_3d\client\default\x64\debug\client.tlog\rc.read.1.tlog
c:\workspace\git\zelda_3d\client\default\x64\debug\client.tlog\rc.write.1.tlog
