c:\workspace\git\zelda_3d\engine\default\x64\debug\vc143.pdb
c:\workspace\git\zelda_3d\engine\default\x64\debug\vc143.idb
c:\workspace\git\zelda_3d\engine\default\x64\debug\level.obj
c:\workspace\git\zelda_3d\engine\default\x64\debug\layer.obj
c:\workspace\git\zelda_3d\engine\default\x64\debug\landobject.obj
c:\workspace\git\zelda_3d\engine\default\x64\debug\input_device.obj
c:\workspace\git\zelda_3d\engine\default\x64\debug\hierarchynode.obj
c:\workspace\git\zelda_3d\engine\default\x64\debug\graphic_device.obj
c:\workspace\git\zelda_3d\engine\default\x64\debug\gameobject.obj
c:\workspace\git\zelda_3d\engine\default\x64\debug\gameinstance.obj
c:\workspace\git\zelda_3d\engine\default\x64\debug\frustum.obj
c:\workspace\git\zelda_3d\engine\default\x64\debug\debugdraw.obj
c:\workspace\git\zelda_3d\engine\default\x64\debug\component_manager.obj
c:\workspace\git\zelda_3d\engine\default\x64\debug\component.obj
c:\workspace\git\zelda_3d\engine\default\x64\debug\collision_thread.obj
c:\workspace\git\zelda_3d\engine\default\x64\debug\collider_manager.obj
c:\workspace\git\zelda_3d\engine\default\x64\debug\collider.obj
c:\workspace\git\zelda_3d\engine\default\x64\debug\channel.obj
c:\workspace\git\zelda_3d\engine\default\x64\debug\cell.obj
c:\workspace\git\zelda_3d\engine\default\x64\debug\camera.obj
c:\workspace\git\zelda_3d\engine\default\x64\debug\base.obj
c:\workspace\git\zelda_3d\engine\default\x64\debug\animation.obj
c:\workspace\git\zelda_3d\engine\default\x64\debug\vibuffer.obj
c:\workspace\git\zelda_3d\engine\default\x64\debug\uiobject.obj
c:\workspace\git\zelda_3d\engine\default\x64\debug\transform.obj
c:\workspace\git\zelda_3d\engine\default\x64\debug\timer_manager.obj
c:\workspace\git\zelda_3d\engine\default\x64\debug\timer.obj
c:\workspace\git\zelda_3d\engine\default\x64\debug\texture.obj
c:\workspace\git\zelda_3d\engine\default\x64\debug\target_manager.obj
c:\workspace\git\zelda_3d\engine\default\x64\debug\sound_manager.obj
c:\workspace\git\zelda_3d\engine\default\x64\debug\shader.obj
c:\workspace\git\zelda_3d\engine\default\x64\debug\rendertarget.obj
c:\workspace\git\zelda_3d\engine\default\x64\debug\renderer.obj
c:\workspace\git\zelda_3d\engine\default\x64\debug\pipeline.obj
c:\workspace\git\zelda_3d\engine\default\x64\debug\picking.obj
c:\workspace\git\zelda_3d\engine\default\x64\debug\object_manager.obj
c:\workspace\git\zelda_3d\engine\default\x64\debug\navigation.obj
c:\workspace\git\zelda_3d\engine\default\x64\debug\model.obj
c:\workspace\git\zelda_3d\engine\default\x64\debug\meshcontainer.obj
c:\workspace\git\zelda_3d\engine\default\x64\debug\light_manager.obj
c:\workspace\git\zelda_3d\engine\default\x64\debug\light.obj
c:\workspace\git\zelda_3d\engine\default\x64\debug\level_manager.obj
c:\workspace\git\zelda_3d\engine\default\x64\debug\engine_struct.obj
c:\workspace\git\zelda_3d\engine\default\x64\debug\vibuffer_triangle.obj
c:\workspace\git\zelda_3d\engine\default\x64\debug\vibuffer_terrain.obj
c:\workspace\git\zelda_3d\engine\default\x64\debug\vibuffer_rect.obj
c:\workspace\git\zelda_3d\engine\default\x64\debug\vibuffer_pointinstance.obj
c:\workspace\git\zelda_3d\engine\default\x64\debug\vibuffer_cube.obj
c:\workspace\git\zelda_3d\engine\bin\shader_deferred.cso
c:\workspace\git\zelda_3d\engine\bin\shader_navigation.cso
c:\workspace\git\zelda_3d\engine\bin\engine.dll
c:\workspace\git\zelda_3d\engine\bin\engine.pdb
c:\workspace\git\zelda_3d\engine\bin\engine.lib
c:\workspace\git\zelda_3d\engine\bin\engine.exp
c:\workspace\git\zelda_3d\engine\default\x64\debug\engine.ilk
c:\workspace\git\zelda_3d\engine\default\x64\debug\engine.tlog\cl.command.1.tlog
c:\workspace\git\zelda_3d\engine\default\x64\debug\engine.tlog\cl.items.tlog
c:\workspace\git\zelda_3d\engine\default\x64\debug\engine.tlog\cl.read.1.tlog
c:\workspace\git\zelda_3d\engine\default\x64\debug\engine.tlog\cl.write.1.tlog
c:\workspace\git\zelda_3d\engine\default\x64\debug\engine.tlog\fxc.command.1.tlog
c:\workspace\git\zelda_3d\engine\default\x64\debug\engine.tlog\fxc.read.1.tlog
c:\workspace\git\zelda_3d\engine\default\x64\debug\engine.tlog\fxc.write.1.tlog
c:\workspace\git\zelda_3d\engine\default\x64\debug\engine.tlog\link.command.1.tlog
c:\workspace\git\zelda_3d\engine\default\x64\debug\engine.tlog\link.read.1.tlog
c:\workspace\git\zelda_3d\engine\default\x64\debug\engine.tlog\link.secondary.1.tlog
c:\workspace\git\zelda_3d\engine\default\x64\debug\engine.tlog\link.write.1.tlog
